#
# There is insufficient memory for the Java Runtime Environment to continue.
# Native memory allocation (mmap) failed to map 268435456 bytes. Error detail: G1 virtual space
# Possible reasons:
#   The system is out of physical RAM or swap space
#   This process is running with CompressedOops enabled, and the Java Heap may be blocking the growth of the native heap
# Possible solutions:
#   Reduce memory load on the system
#   Increase physical memory or swap space
#   Check if swap backing store is full
#   Decrease Java heap size (-Xmx/-Xms)
#   Decrease number of Java threads
#   Decrease Java thread stack sizes (-Xss)
#   Set larger code cache with -XX:ReservedCodeCacheSize=
#   JVM is running with Zero Based Compressed Oops mode in which the Java heap is
#     placed in the first 32GB address space. The Java Heap base address is the
#     maximum limit for the native heap growth. Please use -XX:HeapBaseMinAddress
#     to set the Java Heap base and to place the Java Heap above 32GB virtual address.
# This output file may be truncated or incomplete.
#
#  Out of Memory Error (os_windows.cpp:3710), pid=2296, tid=17000
#
# JRE version:  (17.0.16+8) (build )
# Java VM: OpenJDK 64-Bit Server VM (17.0.16+8-LTS, mixed mode, sharing, tiered, compressed oops, compressed class ptrs, g1 gc, windows-amd64)
# No core dump will be written. Minidumps are not enabled by default on client versions of Windows
#

---------------  S U M M A R Y ------------

Command Line: -javaagent:C:\DevelopTool\IntelliJ IDEA Community Edition 2023.2.5\lib\idea_rt.jar=61224:C:\DevelopTool\IntelliJ IDEA Community Edition 2023.2.5\bin -Dfile.encoding=UTF-8 com.song.rerank.RerankApplication

Host: Intel(R) Xeon(R) CPU E3-1230 V2 @ 3.30GHz, 8 cores, 15G,  Windows 10 , 64 bit Build 19041 (10.0.19041.5915)
Time: Wed Jul 30 16:31:19 2025  Windows 10 , 64 bit Build 19041 (10.0.19041.5915) elapsed time: 0.046405 seconds (0d 0h 0m 0s)

---------------  T H R E A D  ---------------

Current thread (0x0000026f0f0ffa60):  JavaThread "Unknown thread" [_thread_in_vm, id=17000, stack(0x000000a556200000,0x000000a556300000)]

Stack: [0x000000a556200000,0x000000a556300000]
Native frames: (J=compiled Java code, j=interpreted, Vv=VM code, C=native code)
V  [jvm.dll+0x68ee19]
V  [jvm.dll+0x846249]
V  [jvm.dll+0x847fb8]
V  [jvm.dll+0x848643]
V  [jvm.dll+0x24cf6f]
V  [jvm.dll+0x68bde9]
V  [jvm.dll+0x6803aa]
V  [jvm.dll+0x30ffc0]
V  [jvm.dll+0x30fe62]
V  [jvm.dll+0x3173b9]
V  [jvm.dll+0x3695e9]
V  [jvm.dll+0x36981d]
V  [jvm.dll+0x2e683a]
V  [jvm.dll+0x2e7748]
V  [jvm.dll+0x8186fe]
V  [jvm.dll+0x377251]
V  [jvm.dll+0x7f6d45]
V  [jvm.dll+0x3fd00b]
V  [jvm.dll+0x3fec41]
C  [jli.dll+0x52f0]
C  [ucrtbase.dll+0x21bb2]
C  [KERNEL32.DLL+0x17374]
C  [ntdll.dll+0x4cc91]


---------------  P R O C E S S  ---------------

Threads class SMR info:
_java_thread_list=0x00007ff88dab7018, length=0, elements={
}

Java Threads: ( => current thread )

Other Threads:
  0x0000026f0f169150 GCTaskThread "GC Thread#0" [stack: 0x000000a556300000,0x000000a556400000] [id=15412]
  0x0000026f0f176010 ConcurrentGCThread "G1 Main Marker" [stack: 0x000000a556400000,0x000000a556500000] [id=8864]
  0x0000026f0f176a30 ConcurrentGCThread "G1 Conc#0" [stack: 0x000000a556500000,0x000000a556600000] [id=7608]

[error occurred during error reporting (printing all threads), id 0xc0000005, EXCEPTION_ACCESS_VIOLATION (0xc0000005) at pc=0x00007ff88d267307]

VM state: not at safepoint (not fully initialized)

VM Mutex/Monitor currently owned by a thread:  ([mutex/lock_event])
[0x0000026f0f0f92d0] Heap_lock - owner thread: 0x0000026f0f0ffa60

Heap address: 0x0000000700a00000, size: 4086 MB, Compressed Oops mode: Zero based, Oop shift amount: 3

CDS archive(s) mapped at: [0x0000000000000000-0x0000000000000000-0x0000000000000000), size 0, SharedBaseAddress: 0x0000000800000000, ArchiveRelocationMode: 1.
Narrow klass base: 0x0000000000000000, Narrow klass shift: 0, Narrow klass range: 0x0

GC Precious Log:
<Empty>

Heap:
 garbage-first heap   total 0K, used 0K [0x0000000700a00000, 0x0000000800000000)
  region size 2048K, 0 young (0K), 0 survivors (0K)

[error occurred during error reporting (printing heap information), id 0xc0000005, EXCEPTION_ACCESS_VIOLATION (0xc0000005) at pc=0x00007ff88d658979]

GC Heap History (0 events):
No events

Dll operation events (1 events):
Event: 0.012 Loaded shared library C:\DevelopTool\jdk-17.0.16+8\bin\java.dll

Deoptimization events (0 events):
No events

Classes loaded (0 events):
No events

Classes unloaded (0 events):
No events

Classes redefined (0 events):
No events

Internal exceptions (0 events):
No events

VM Operations (0 events):
No events

Memory protections (0 events):
No events

Nmethod flushes (0 events):
No events

Events (0 events):
No events


Dynamic libraries:
0x00007ff7526f0000 - 0x00007ff7526fe000 	C:\DevelopTool\jdk-17.0.16+8\bin\java.exe
0x00007ff8c8c30000 - 0x00007ff8c8e28000 	C:\WINDOWS\SYSTEM32\ntdll.dll
0x00007ff8c7b10000 - 0x00007ff8c7bd2000 	C:\WINDOWS\System32\KERNEL32.DLL
0x00007ff8c63c0000 - 0x00007ff8c66b6000 	C:\WINDOWS\System32\KERNELBASE.dll
0x00007ff8c2b20000 - 0x00007ff8c2bb4000 	C:\WINDOWS\SYSTEM32\apphelp.dll
0x00007ff8c62c0000 - 0x00007ff8c63c0000 	C:\WINDOWS\System32\ucrtbase.dll
0x00007ff8a8460000 - 0x00007ff8a8478000 	C:\DevelopTool\jdk-17.0.16+8\bin\jli.dll
0x00007ff8aa550000 - 0x00007ff8aa56e000 	C:\DevelopTool\jdk-17.0.16+8\bin\VCRUNTIME140.dll
0x00007ff8c7dc0000 - 0x00007ff8c7f5d000 	C:\WINDOWS\System32\USER32.dll
0x00007ff8bb800000 - 0x00007ff8bba9a000 	C:\WINDOWS\WinSxS\amd64_microsoft.windows.common-controls_6595b64144ccf1df_6.0.19041.5915_none_60b4b9d171f9c7c7\COMCTL32.dll
0x00007ff8c66c0000 - 0x00007ff8c66e2000 	C:\WINDOWS\System32\win32u.dll
0x00007ff8c6c50000 - 0x00007ff8c6cee000 	C:\WINDOWS\System32\msvcrt.dll
0x00007ff8c8620000 - 0x00007ff8c864b000 	C:\WINDOWS\System32\GDI32.dll
0x00007ff8c6ab0000 - 0x00007ff8c6bc9000 	C:\WINDOWS\System32\gdi32full.dll
0x00007ff8c6980000 - 0x00007ff8c6a1d000 	C:\WINDOWS\System32\msvcp_win.dll
0x00007ff8c8650000 - 0x00007ff8c867f000 	C:\WINDOWS\System32\IMM32.DLL
0x00007ff8ab160000 - 0x00007ff8ab16c000 	C:\DevelopTool\jdk-17.0.16+8\bin\vcruntime140_1.dll
0x00007ff8a6fc0000 - 0x00007ff8a7049000 	C:\DevelopTool\jdk-17.0.16+8\bin\msvcp140.dll
0x00007ff88cf70000 - 0x00007ff88dbea000 	C:\DevelopTool\jdk-17.0.16+8\bin\server\jvm.dll
0x00007ff8c7480000 - 0x00007ff8c7531000 	C:\WINDOWS\System32\ADVAPI32.dll
0x00007ff8c7540000 - 0x00007ff8c75df000 	C:\WINDOWS\System32\sechost.dll
0x00007ff8c7720000 - 0x00007ff8c7843000 	C:\WINDOWS\System32\RPCRT4.dll
0x00007ff8c67a0000 - 0x00007ff8c67c7000 	C:\WINDOWS\System32\bcrypt.dll
0x00007ff8c7970000 - 0x00007ff8c79db000 	C:\WINDOWS\System32\WS2_32.dll
0x00007ff8c5eb0000 - 0x00007ff8c5efb000 	C:\WINDOWS\SYSTEM32\POWRPROF.dll
0x00007ff8c5ca0000 - 0x00007ff8c5caa000 	C:\WINDOWS\SYSTEM32\VERSION.dll
0x00007ff8b6a40000 - 0x00007ff8b6a67000 	C:\WINDOWS\SYSTEM32\WINMM.dll
0x00007ff8c5c80000 - 0x00007ff8c5c92000 	C:\WINDOWS\SYSTEM32\UMPDC.dll
0x00007ff8c32d0000 - 0x00007ff8c32e2000 	C:\WINDOWS\SYSTEM32\kernel.appcore.dll
0x00007ff8aa120000 - 0x00007ff8aa12a000 	C:\DevelopTool\jdk-17.0.16+8\bin\jimage.dll
0x00007ff8b5530000 - 0x00007ff8b5731000 	C:\WINDOWS\SYSTEM32\DBGHELP.DLL
0x00007ff8a9960000 - 0x00007ff8a9994000 	C:\WINDOWS\SYSTEM32\dbgcore.DLL
0x00007ff8c6a20000 - 0x00007ff8c6aa2000 	C:\WINDOWS\System32\bcryptPrimitives.dll
0x00007ff8a85e0000 - 0x00007ff8a85ef000 	C:\DevelopTool\jdk-17.0.16+8\bin\instrument.dll
0x00007ff8a8130000 - 0x00007ff8a8156000 	C:\DevelopTool\jdk-17.0.16+8\bin\java.dll

dbghelp: loaded successfully - version: 4.0.5 - missing functions: none
symbol engine: initialized successfully - sym options: 0x614 - pdb path: .;C:\DevelopTool\jdk-17.0.16+8\bin;C:\WINDOWS\SYSTEM32;C:\WINDOWS\WinSxS\amd64_microsoft.windows.common-controls_6595b64144ccf1df_6.0.19041.5915_none_60b4b9d171f9c7c7;C:\DevelopTool\jdk-17.0.16+8\bin\server

VM Arguments:
jvm_args: -javaagent:C:\DevelopTool\IntelliJ IDEA Community Edition 2023.2.5\lib\idea_rt.jar=61224:C:\DevelopTool\IntelliJ IDEA Community Edition 2023.2.5\bin -Dfile.encoding=UTF-8 
java_command: com.song.rerank.RerankApplication
java_class_path (initial): C:\Workspace\rerank\rerank-server\target\classes;C:\Maven\repository\org\springframework\boot\spring-boot-starter\3.5.4\spring-boot-starter-3.5.4.jar;C:\Maven\repository\org\springframework\boot\spring-boot\3.5.4\spring-boot-3.5.4.jar;C:\Maven\repository\org\springframework\spring-context\6.2.9\spring-context-6.2.9.jar;C:\Maven\repository\org\springframework\boot\spring-boot-autoconfigure\3.5.4\spring-boot-autoconfigure-3.5.4.jar;C:\Maven\repository\org\springframework\boot\spring-boot-starter-logging\3.5.4\spring-boot-starter-logging-3.5.4.jar;C:\Maven\repository\ch\qos\logback\logback-classic\1.5.18\logback-classic-1.5.18.jar;C:\Maven\repository\ch\qos\logback\logback-core\1.5.18\logback-core-1.5.18.jar;C:\Maven\repository\org\apache\logging\log4j\log4j-to-slf4j\2.24.3\log4j-to-slf4j-2.24.3.jar;C:\Maven\repository\org\apache\logging\log4j\log4j-api\2.24.3\log4j-api-2.24.3.jar;C:\Maven\repository\org\slf4j\jul-to-slf4j\2.0.17\jul-to-slf4j-2.0.17.jar;C:\Maven\repository\jakarta\annotation\jakarta.annotation-api\2.1.1\jakarta.annotation-api-2.1.1.jar;C:\Maven\repository\org\springframework\spring-core\6.2.9\spring-core-6.2.9.jar;C:\Maven\repository\org\springframework\spring-jcl\6.2.9\spring-jcl-6.2.9.jar;C:\Maven\repository\org\yaml\snakeyaml\2.4\snakeyaml-2.4.jar;C:\Maven\repository\org\springframework\boot\spring-boot-starter-web\3.5.4\spring-boot-starter-web-3.5.4.jar;C:\Maven\repository\org\springframework\boot\spring-boot-starter-json\3.5.4\spring-boot-starter-json-3.5.4.jar;C:\Maven\repository\com\fasterxml\jackson\datatype\jackson-datatype-jdk8\2.19.2\jackson-datatype-jdk8-2.19.2.jar;C:\Maven\repository\com\fasterxml\jackson\datatype\jackson-datatype-jsr310\2.19.2\jackson-datatype-jsr310-2.19.2.jar;C:\Maven\repository\com\fasterxml\jackson\module\jackson-module-parameter-names\2.19.2\jackson-module-parameter-names-2.19.2.jar;C:\Maven\repository\org\springframework\boot\spring-boot-starter-tomcat\3.5.4\spring-boot-starter-tomcat-3.
Launcher Type: SUN_STANDARD

[Global flags]
     intx CICompilerCount                          = 4                                         {product} {ergonomic}
     uint ConcGCThreads                            = 2                                         {product} {ergonomic}
     uint G1ConcRefinementThreads                  = 8                                         {product} {ergonomic}
   size_t G1HeapRegionSize                         = 2097152                                   {product} {ergonomic}
    uintx GCDrainStackTargetSize                   = 64                                        {product} {ergonomic}
   size_t InitialHeapSize                          = 268435456                                 {product} {ergonomic}
   size_t MarkStackSize                            = 4194304                                   {product} {ergonomic}
   size_t MaxHeapSize                              = 4284481536                                {product} {ergonomic}
   size_t MinHeapDeltaBytes                        = 2097152                                   {product} {ergonomic}
   size_t MinHeapSize                              = 8388608                                   {product} {ergonomic}
    uintx NonNMethodCodeHeapSize                   = 5839372                                {pd product} {ergonomic}
    uintx NonProfiledCodeHeapSize                  = 122909434                              {pd product} {ergonomic}
    uintx ProfiledCodeHeapSize                     = 122909434                              {pd product} {ergonomic}
    uintx ReservedCodeCacheSize                    = 251658240                              {pd product} {ergonomic}
     bool SegmentedCodeCache                       = true                                      {product} {ergonomic}
   size_t SoftMaxHeapSize                          = 4284481536                             {manageable} {ergonomic}
     bool UseCompressedClassPointers               = true                           {product lp64_product} {ergonomic}
     bool UseCompressedOops                        = true                           {product lp64_product} {ergonomic}
     bool UseG1GC                                  = true                                      {product} {ergonomic}
     bool UseLargePagesIndividualAllocation        = false                                  {pd product} {ergonomic}

Logging:
Log output configuration:
 #0: stdout all=warning uptime,level,tags
 #1: stderr all=off uptime,level,tags

Environment Variables:
PATH=C:\WINDOWS\system32;C:\WINDOWS;C:\WINDOWS\System32\Wbem;C:\WINDOWS\System32\WindowsPowerShell\v1.0\;C:\WINDOWS\System32\OpenSSH\;C:\DevelopTool\Git\cmd;C:\DevelopTool\node-v22.17.1-win-x64\;C:\Program Files\Docker\Docker\resources\bin;C:\DevelopTool\Python\Python311\Scripts\;C:\DevelopTool\Python\Python311\;C:\Users\a0978\AppData\Local\Microsoft\WindowsApps;C:\Microsoft VS Code\bin;C:\Users\a0978\AppData\Roaming\npm;C:\DevelopTool\Python\IronPython.3.4.1\net462\;
USERNAME=a0978
OS=Windows_NT
PROCESSOR_IDENTIFIER=Intel64 Family 6 Model 58 Stepping 9, GenuineIntel
TMP=C:\Users\a0978\AppData\Local\Temp
TEMP=C:\Users\a0978\AppData\Local\Temp



Periodic native trim disabled


---------------  S Y S T E M  ---------------

OS:
 Windows 10 , 64 bit Build 19041 (10.0.19041.5915)
OS uptime: 2 days 15:50 hours
Hyper-V role detected

CPU: total 8 (initial active 8) (4 cores per cpu, 2 threads per core) family 6 model 58 stepping 9 microcode 0x21, cx8, cmov, fxsr, ht, mmx, sse, sse2, sse3, ssse3, sse4.1, sse4.2, popcnt, tsc, tscinvbit, avx, aes, erms, clmul, vzeroupper, clflush, hv
Processor Information for the first 8 processors :
  Max Mhz: 3301, Current Mhz: 3301, Mhz Limit: 3301

Memory: 4k page, system-wide physical 16337M (4173M free)
TotalPageFile size 18385M (AvailPageFile size 207M)
current process WorkingSet (physical memory assigned to process): 11M, peak: 11M
current process commit charge ("private bytes"): 60M, peak: 316M

vm_info: OpenJDK 64-Bit Server VM (17.0.16+8-LTS) for windows-amd64 JRE (17.0.16+8-LTS), built on Jul 10 2025 00:24:24 by "MicrosoftCorporation" with unknown MS VC++:1944

END.
